[0m[0KMicrosoft Windows [Version 10.0.19042.985][0K[?25l
(c) Microsoft Corporation. All rights reserved.[0K
[0K
C:\Users\WB571596\OneDrive - WBG\Documents\WB_Dashboard\WB_Dashboard>[0K[?25h^V[0K[?25lC:\Users\WB571596\OneDrive - WBG\Documents\WB_Dashboard\WB_Dashboard>[0K[?25h]0;  - git  initgit [0Ki[?25l
nit[0K
[0K[?25h]0;  - git  add *Reinitialized existing Git repository in C:/Users/WB571596/OneDrive - WBG[0K/[?25l
Documents/WB_Dashboard/WB_Dashboard/.git/[0K
[0K
C:\Users\WB571596\OneDrive - WBG\Documents\WB_Dashboard\WB_Dashboard>git [0Ka
dd *[0K
[0K[?25hwarning: LF will be replaced by CRLF in docs/site_libs/bootstrap-3.3.5/cs[0Ks[?25l
/bootstrap-theme.css.[0K
The file will have its original line endings in your working directory[0K
warning: LF will be replaced by CRLF in docs/site_libs/bootstrap-3.3.5/cs[0Ks
/bootstrap-theme.min.css.[0K
The file will have its original line endings in your working directory[0K
warning: LF will be replaced by CRLF in docs/site_libs/bootstrap-3.3.5/cs[0Ks
/bootstrap.css.[0K
The file will have its original line endings in your working directory[0K
warning: LF will be replaced by CRLF in docs/site_libs/bootstrap-3.3.5/cs[0Ks
/bootstrap.min.css.[0K
The file will have its original line endings in your working directory[0K
warning: LF will be replaced by CRLF in docs/site_libs/bootstrap-3.3.5/cs[0Ks
/cerulean.min.css.[0K
The file will have its original line endings in your working directory[0K
warning: LF will be replaced by CRLF in docs/site_libs/bootstrap-3.3.5/cs[0Ks
/cosmo.min.css.[0K
The file will have its original line endings in your working directory[0K
warning: LF will be replaced by CRLF in docs/site_libs/bootstrap-3.3.5/cs[0Ks
/darkly.min.css.[0K
The file will have its original line endings in your working directory[0K
[0K[?25hwarning: LF will be replaced by CRLF in docs/site_libs/bootstrap-3.3.5/cs[0Ks[?25l
/flatly.min.css.[0K
The file will have its original line endings in your working directory[0K
[0K[?25hwarning: LF will be replaced by CRLF in docs/site_libs/bootstrap-3.3.5/cs[0Ks[?25l
/journal.min.css.[0K
The file will have its original line endings in your working directory[0K
warning: LF will be replaced by CRLF in docs/site_libs/bootstrap-3.3.5/cs[0Ks
/lumen.min.css.[0K
The file will have its original line endings in your working directory[0K
warning: LF will be replaced by CRLF in docs/site_libs/bootstrap-3.3.5/cs[0Ks
/paper.min.css.[0K
The file will have its original line endings in your working directory[0K
[0K[?25hwarning: LF will be replaced by CRLF in docs/site_libs/bootstrap-3.3.5/cs[0Ks[?25l
/readable.min.css.[0K
The file will have its original line endings in your working directory[0K
warning: LF will be replaced by CRLF in docs/site_libs/bootstrap-3.3.5/cs[0Ks
/sandstone.min.css.[0K
The file will have its original line endings in your working directory[0K
warning: LF will be replaced by CRLF in docs/site_libs/bootstrap-3.3.5/cs[0Ks
/simplex.min.css.[0K
The file will have its original line endings in your working directory[0K
warning: LF will be replaced by CRLF in docs/site_libs/bootstrap-3.3.5/cs[0Ks
/spacelab.min.css.[0K
The file will have its original line endings in your working directory[0K
warning: LF will be replaced by CRLF in docs/site_libs/bootstrap-3.3.5/cs[0Ks
/united.min.css.[0K
The file will have its original line endings in your working directory[0K
warning: LF will be replaced by CRLF in docs/site_libs/bootstrap-3.3.5/cs[0Ks
/yeti.min.css.[0K
The file will have its original line endings in your working directory[0K
warning: LF will be replaced by CRLF in docs/site_libs/bootstrap-3.3.5/fo[0Kn
ts/glyphicons-halflings-regular.svg.[0K
The file will have its original line endings in your working directory[0K
warning: LF will be replaced by CRLF in docs/site_libs/bootstrap-3.3.5/js[0K/
bootstrap.js.[0K
The file will have its original line endings in your working directory[0K
warning: LF will be replaced by CRLF in docs/site_libs/bootstrap-3.3.5/js[0K/
bootstrap.min.js.[0K
The file will have its original line endings in your working directory[0K
[0K[?25hwarning: LF will be replaced by CRLF in docs/site_libs/bootstrap-3.3.5/js[0K/[?25l
npm.js.[0K
The file will have its original line endings in your working directory[0K
warning: LF will be replaced by CRLF in docs/site_libs/bootstrap-3.3.5/sh[0Ki
m/html5shiv.min.js.[0K
The file will have its original line endings in your working directory[0K
warning: LF will be replaced by CRLF in docs/site_libs/bootstrap-3.3.5/sh[0Ki
m/respond.min.js.[0K
The file will have its original line endings in your working directory[0K
warning: LF will be replaced by CRLF in docs/site_libs/stickytableheaders[0K-
0.1.19/jquery.stickytableheaders.js.[0K
The file will have its original line endings in your working directory[0K
warning: LF will be replaced by CRLF in .Rproj.user/46C9233B/sources/prop[0K/
2AE33ACF.[0K
The file will have its original line endings in your working directory[0K
[0K[?25hwarning: LF will be replaced by CRLF in .Rproj.user/46C9233B/sources/prop[0K/[?25l
386CA8B2.[0K
The file will have its original line endings in your working directory[0K
warning: LF will be replaced by CRLF in .Rproj.user/46C9233B/sources/prop[0K/
5B32D780.[0K
The file will have its original line endings in your working directory[0K
warning: LF will be replaced by CRLF in .Rproj.user/46C9233B/sources/prop[0K/
A47CE08E.[0K
The file will have its original line endings in your working directory[0K
warning: LF will be replaced by CRLF in .Rproj.user/46C9233B/sources/prop[0K/
INDEX.[0K
The file will have its original line endings in your working directory[0K
warning: LF will be replaced by CRLF in .Rproj.user/46C9233B/sources/s-26[0K0
9C1B6/6AD957E3.[0K
The file will have its original line endings in your working directory[0K
warning: LF will be replaced by CRLF in .Rproj.user/46C9233B/sources/s-26[0K0
9C1B6/6AD957E3-contents.[0K
The file will have its original line endings in your working directory[0K
warning: LF will be replaced by CRLF in .Rproj.user/46C9233B/sources/s-26[0K0
9C1B6/9A2EC99C.[0K
The file will have its original line endings in your working directory[0K
[0K[?25hwarning: LF will be replaced by CRLF in .Rproj.user/46C9233B/sources/s-26[0K0[?25l
9C1B6/9A2EC99C-contents.[0K
The file will have its original line endings in your working directory[0K
warning: LF will be replaced by CRLF in .Rproj.user/46C9233B/sources/s-26[0K0
9C1B6/9BE40665.[0K
The file will have its original line endings in your working directory[0K
warning: LF will be replaced by CRLF in .Rproj.user/46C9233B/sources/s-26[0K0
9C1B6/9BE40665-contents.[0K
The file will have its original line endings in your working directory[0K
[0K[?25hwarning: LF will be replaced by CRLF in .Rproj.user/46C9233B/sources/s-26[0K0[?25l
9C1B6/FCC9EAEC.[0K
The file will have its original line endings in your working directory[0K
warning: LF will be replaced by CRLF in .Rproj.user/46C9233B/sources/s-26[0K0
9C1B6/FCC9EAEC-contents.[0K
The file will have its original line endings in your working directory[0K
[0K[?25hwarning: LF will be replaced by CRLF in .Rproj.user/shared/notebooks/CD66[0KD[?25l
6CE-index/1/s/cqnxu2hy4q409/000004.csv.[0K
The file will have its original line endings in your working directory[0K
[0K[?25hwarning: LF will be replaced by CRLF in .Rproj.user/shared/notebooks/path[0Ks[?25l
.[0K
The file will have its original line endings in your working directory[0K
warning: LF will be replaced by CRLF in docs/site_libs/crosstalk-1.1.0.1/[0Kc
ss/crosstalk.css.[0K
The file will have its original line endings in your working directory[0K
warning: LF will be replaced by CRLF in docs/site_libs/crosstalk-1.1.0.1/[0Kj
s/crosstalk.js.[0K
The file will have its original line endings in your working directory[0K
[0K[?25hwarning: LF will be replaced by CRLF in docs/site_libs/crosstalk-1.1.0.1/[0Kj[?25l
s/crosstalk.js.map.[0K
The file will have its original line endings in your working directory[0K
warning: LF will be replaced by CRLF in docs/site_libs/crosstalk-1.1.0.1/[0Kj
s/crosstalk.min.js.[0K
The file will have its original line endings in your working directory[0K
warning: LF will be replaced by CRLF in docs/site_libs/datatables-binding[0K-
0.16/datatables.js.[0K
The file will have its original line endings in your working directory[0K
warning: LF will be replaced by CRLF in docs/site_libs/datatables-css-0.0[0K.
0/datatables-crosstalk.css.[0K
The file will have its original line endings in your working directory[0K
warning: LF will be replaced by CRLF in docs/site_libs/featherlight-1.3.5[0K/[1G[?25h[?25l
featherlight.min.css.[0K
The file will have its original line endings in your working directory[0K
warning: LF will be replaced by CRLF in docs/site_libs/featherlight-1.3.5[0K/
featherlight.min.js.[0K
The file will have its original line endings in your working directory[0K
warning: LF will be replaced by CRLF in docs/site_libs/font-awesome-5.1.0[0K/
css/all.css.[0K
The file will have its original line endings in your working directory[0K
warning: LF will be replaced by CRLF in docs/site_libs/font-awesome-5.1.0[0K/
css/v4-shims.css.[0K
The file will have its original line endings in your working directory[0K
[0K[?25hwarning: LF will be replaced by CRLF in docs/site_libs/font-awesome-5.1.0[0K/[?25l
webfonts/fa-brands-400.svg.[0K
The file will have its original line endings in your working directory[0K
[0K[?25hwarning: LF will be replaced by CRLF in docs/site_libs/font-awesome-5.1.0[0K/[?25l
webfonts/fa-regular-400.svg.[0K
The file will have its original line endings in your working directory[0K
[0K[?25hwarning: LF will be replaced by CRLF in docs/site_libs/font-awesome-5.1.0[0K/[?25l
webfonts/fa-solid-900.svg.[0K
The file will have its original line endings in your working directory[0K
[0K[?25hwarning: LF will be replaced by CRLF in docs/site_libs/htmlwidgets-1.5.2/[0Kh[?25l
tmlwidgets.js.[0K
The file will have its original line endings in your working directory[0K
warning: LF will be replaced by CRLF in docs/site_libs/jquery-1.12.4/LICE[0KN
SE.txt.[0K
The file will have its original line endings in your working directory[0K
warning: LF will be replaced by CRLF in docs/site_libs/jquery-1.12.4/jque[0Kr
y.min.js.[0K
The file will have its original line endings in your working directory[0K
warning: LF will be replaced by CRLF in docs/site_libs/prism-1.4.1/prism.[0Kc
ss.[0K
The file will have its original line endings in your working directory[0K
warning: LF will be replaced by CRLF in docs/site_libs/prism-1.4.1/prism.[0Kj
s.[0K
The file will have its original line endings in your working directory[0K
[0K[?25h]0;  - git  commit -m "init commit"[?25l
C:\Users\WB571596\OneDrive - WBG\Documents\WB_Dashboard\WB_Dashboard>git [0Kc
ommit -m "init commit"[0K
[0K[?25h]0; [master 35844c4] init commit[0K[?25l
 57 files changed, 10842 insertions(+), 22 deletions(-)[0K
 create mode 100644 .Rproj.user/46C9233B/console06/F0AC428D[0K
 create mode 100644 .Rproj.user/46C9233B/console06/INDEX001[0K
 create mode 100644 .Rproj.user/46C9233B/sources/prop/2AE33ACF[0K
 create mode 100644 .Rproj.user/46C9233B/sources/prop/386CA8B2[0K
 create mode 100644 .Rproj.user/46C9233B/sources/prop/5B32D780[0K
 create mode 100644 .Rproj.user/46C9233B/sources/prop/A47CE08E[0K
 create mode 100644 .Rproj.user/46C9233B/sources/prop/INDEX[0K
 create mode 100644 .Rproj.user/46C9233B/sources/s-2609C1B6/6AD957E3[0K
 create mode 100644 .Rproj.user/46C9233B/sources/s-2609C1B6/6AD957E3-cont[0Ke
nts[0K
 create mode 100644 .Rproj.user/46C9233B/sources/s-2609C1B6/9A2EC99C[0K
 create mode 100644 .Rproj.user/46C9233B/sources/s-2609C1B6/9A2EC99C-cont[0Ke
nts[0K
 create mode 100644 .Rproj.user/46C9233B/sources/s-2609C1B6/9BE40665[0K
 create mode 100644 .Rproj.user/46C9233B/sources/s-2609C1B6/9BE40665-cont[0Ke
nts[0K
 create mode 100644 .Rproj.user/46C9233B/sources/s-2609C1B6/FCC9EAEC[0K
 create mode 100644 .Rproj.user/46C9233B/sources/s-2609C1B6/FCC9EAEC-cont[0Ke
nts[0K
 create mode 100644 .Rproj.user/46C9233B/sources/s-2609C1B6/lock_file[0K
 create mode 100644 .Rproj.user/shared/notebooks/CD66D6CE-index/1/46C9233[0KB
2609C1B6/chunks.json[0K
 create mode 100644 .Rproj.user/shared/notebooks/CD66D6CE-index/1/s/chunk[0Ks
.json[0K
 create mode 100644 .Rproj.user/shared/notebooks/CD66D6CE-index/1/s/cqnxu[0K2
hy4q409/000004.csv[0K
 create mode 100644 .Rproj.user/shared/notebooks/patch-chunk-names[0K
 create mode 100644 .Rproj.user/shared/notebooks/paths[0K
 create mode 100644 MasterFile[0K
 create mode 100644 datasets/MasterFile.xlsx[0K
 create mode 100644 docs/site_libs/crosstalk-1.1.0.1/css/crosstalk.css[0K
 create mode 100644 docs/site_libs/crosstalk-1.1.0.1/js/crosstalk.js[0K
 create mode 100644 docs/site_libs/crosstalk-1.1.0.1/js/crosstalk.js.map[0K
 create mode 100644 docs/site_libs/crosstalk-1.1.0.1/js/crosstalk.min.js[0K
 create mode 100644 docs/site_libs/crosstalk-1.1.0.1/js/crosstalk.min.js.[0Km
ap[0K
 create mode 100644 docs/site_libs/datatables-binding-0.16/datatables.js[0K
 create mode 100644 docs/site_libs/datatables-css-0.0.0/datatables-crosst[0Ka
lk.css[0K
 create mode 100644 docs/site_libs/featherlight-1.3.5/featherlight.min.cs[0Ks
[0K
 create mode 100644 docs/site_libs/featherlight-1.3.5/featherlight.min.js[0K
 create mode 100644 docs/site_libs/font-awesome-5.1.0/css/all.css[0K
 create mode 100644 docs/site_libs/font-awesome-5.1.0/css/v4-shims.css[0K
 create mode 100644 docs/site_libs/font-awesome-5.1.0/webfonts/fa-brands-[0K4
00.eot[0K
 create mode 100644 docs/site_libs/font-awesome-5.1.0/webfonts/fa-brands-[0K4
00.svg[0K
 create mode 100644 docs/site_libs/font-awesome-5.1.0/webfonts/fa-brands-[0K4
00.ttf[0K
 create mode 100644 docs/site_libs/font-awesome-5.1.0/webfonts/fa-brands-[0K4
00.woff[0K
 create mode 100644 docs/site_libs/font-awesome-5.1.0/webfonts/fa-brands-[0K4
00.woff2[0K
 create mode 100644 docs/site_libs/font-awesome-5.1.0/webfonts/fa-regular[0K-
400.eot[0K
 create mode 100644 docs/site_libs/font-awesome-5.1.0/webfonts/fa-regular[0K-
400.svg[0K
 create mode 100644 docs/site_libs/font-awesome-5.1.0/webfonts/fa-regular[0K-
400.ttf[0K
 create mode 100644 docs/site_libs/font-awesome-5.1.0/webfonts/fa-regular[0K-
400.woff[0K
 create mode 100644 docs/site_libs/font-awesome-5.1.0/webfonts/fa-regular[0K-
400.woff2[0K
 create mode 100644 docs/site_libs/font-awesome-5.1.0/webfonts/fa-solid-9[0K0
0.eot[0K
 create mode 100644 docs/site_libs/font-awesome-5.1.0/webfonts/fa-solid-9[0K0
0.svg[0K
 create mode 100644 docs/site_libs/font-awesome-5.1.0/webfonts/fa-solid-9[0K0
0.ttf[0K
 create mode 100644 docs/site_libs/font-awesome-5.1.0/webfonts/fa-solid-9[0K0
0.woff[0K
 create mode 100644 docs/site_libs/font-awesome-5.1.0/webfonts/fa-solid-9[0K0
0.woff2[0K
 create mode 100644 docs/site_libs/htmlwidgets-1.5.2/htmlwidgets.js[0K
 create mode 100644 docs/site_libs/jquery-1.12.4/LICENSE.txt[0K
 create mode 100644 docs/site_libs/jquery-1.12.4/jquery.min.js[0K
 create mode 100644 docs/site_libs/prism-1.4.1/prism.css[0K
 create mode 100644 docs/site_libs/prism-1.4.1/prism.js[0K
[0K
C:\Users\WB571596\OneDrive - WBG\Documents\WB_Dashboard\WB_Dashboard>git [0Kr
emote add origin git@github.com:CorneliusvonLenthe/WB_Dashboard.git[0K
[0K[?25h]0;  - git  remote add origin git@github.com:CorneliusvonLenthe/WB_Dashboard.giterror: remote origin already exists.[0K[?25l
[0K[?25h]0;  - git  push -u origin master[?25l
C:\Users\WB571596\OneDrive - WBG\Documents\WB_Dashboard\WB_Dashboard>git [0Kp
ush -u origin master[0K
[0K[?25h]0; To https://github.com/CorneliusvonLenthe/WB_Dashboard.git[0K[?25l
 [0;31m! [rejected]       [0m master -> master (fetch first)[0K
[0;31merror: failed to push some refs to 'https://github.com/CorneliusvonLenthe[0K/
WB_Dashboard.git'[0m[0K
[0;33mhint: Updates were rejected because the remote contains work that you do[0m[0K
[0;33mhint: not have locally. This is usually caused by another repository push[0Ki
ng[0m[0K
[0;33mhint: to the same ref. You may want to first integrate the remote changes[0m[0K
[0;33mhint: (e.g., 'git pull ...') before pushing again.[0m[0K
[0;33mhint: See the 'Note about fast-forwards' in 'git push --help' for details[0K.
[0m[0K
[0K
C:\Users\WB571596\OneDrive - WBG\Documents\WB_Dashboard\WB_Dashboard>[0K[?25hgit [0Kp[?25l
ush -u origin master[0K[?25h[20G[19G[18G[17G[16G[15G[14G[13G[11G[10G[9G[8G[7G[6G[5G[4G[3G[?25luh -u origin master[0K[2G[?25h[?25lh -u origin master[0K[1G[?25h[2G[?25l -u origin master[0K[1G[?25h[?25lu -u origin master[0K[2G[?25h[?25lul -u origin master[0K[3G[?25h[?25lull -u origin master[0K[4G[?25h[?25l
[0K[?25h]0;  - git  pull -u origin master]0; error: unknown switch `u'[0K[?25l
usage: git pull [<options>] [<repository> [<refspec>...]][0K
[0K
    -v, --verbose         be more verbose[0K
    -q, --quiet           be more quiet[0K
    --progress            force progress reporting[0K
    --recurse-submodules[=<on-demand>][0K
                          control for recursive fetching of submodules[0K
[0K
Options related to merging[0K
    -r, --rebase[=(false|true|merges|preserve|interactive)][0K
                          incorporate changes by rebasing rather than mer[0Kg
ing[0K
    -n                    do not show a diffstat at the end of the merge[0K
    --stat                show a diffstat at the end of the merge[0K
    --log[=<n>]           add (at most <n>) entries from shortlog to merg[0Ke
 commit message[0K
    --signoff[=...]       add a Signed-off-by trailer[0K
    --squash              create a single commit instead of doing a merge[0K
    --commit              perform a commit if the merge succeeds (default[0K)
[0K
    --edit                edit message before committing[0K
    --cleanup <mode>      how to strip spaces and #comments from message[0K
    --ff                  allow fast-forward[0K
    --ff-only             abort if fast-forward is not possible[0K
    --verify-signatures   verify that the named commit has a valid GPG si[0Kg
nature[0K
    --autostash           automatically stash/stash pop before and after[0K
    -s, --strategy <strategy>[0K
                          merge strategy to use[0K
    -X, --strategy-option <option=value>[0K
                          option for selected merge strategy[0K
    -S, --gpg-sign[=<key-id>][0K
                          GPG sign commit[0K
    --allow-unrelated-histories[0K
                          allow merging unrelated histories[0K
[0K
Options related to fetching[0K
    --all                 fetch from all remotes[0K
    -a, --append          append to .git/FETCH_HEAD instead of overwritin[0Kg
[0K
    --upload-pack <path>  path to upload pack on remote end[0K
    -f, --force           force overwrite of local branch[0K
    -t, --tags            fetch all tags and associated objects[0K
    -p, --prune           prune remote-tracking branches no longer on rem[0Ko
te[0K
    -j, --jobs[=<n>]      number of submodules pulled in parallel[0K
    --dry-run             dry run[0K
    -k, --keep            keep downloaded pack[0K
    --depth <depth>       deepen history of shallow clone[0K
    --shallow-since <time>[0K
                          deepen history of shallow repository based on t[0Ki
me[0K
    --shallow-exclude <revision>[0K
                          deepen history of shallow clone, excluding rev[0K
    --deepen <n>          deepen history of shallow clone[0K
    --unshallow           convert to a complete repository[0K
    --update-shallow      accept refs that update .git/shallow[0K
    --refmap <refmap>     specify fetch refmap[0K
    -o, --server-option <server-specific>[0K
                          option to transmit[0K
    -4, --ipv4            use IPv4 addresses only[0K
    -6, --ipv6            use IPv6 addresses only[0K
    --negotiation-tip <revision>[0K
                          report that we have only objects reachable from[0K
this object[0K
    --show-forced-updates[0K
                          check for forced-updates on all updated branche[0Ks
[0K
    --set-upstream        set upstream for git pull/fetch[0K
[0K
[0K
C:\Users\WB571596\OneDrive - WBG\Documents\WB_Dashboard\WB_Dashboard>[0K[?25h]0;  - git  initgit [0Ki[?25l
nit[0K
[0K[?25hReinitialized existing Git repository in C:/Users/WB571596/OneDrive - WBG[0K/[?25l
Documents/WB_Dashboard/WB_Dashboard/.git/[0K
[0K[?25h]0;  - git  add *[?25l
C:\Users\WB571596\OneDrive - WBG\Documents\WB_Dashboard\WB_Dashboard>git [0Ka
dd *[0K
[0K[?25h